// Jest Snapshot v1, https://goo.gl/fbAQLP

exports[`generates spring keyframes with negative initialVelocity 1`] = `
Object {
  "duration": 950.0190000000001,
  "keyframes": Array [
    -0.049387731840313025,
    -1.2336541342296719,
    -0.9263160017896612,
    -0.16197007353945808,
    0.5166503421830373,
    0.9344657083945653,
    1.1135350432175661,
    1.1425708121784428,
    1.1054498190799313,
    1.0559765024901564,
    1.0185294786311019,
    0.9982173165864979,
    0.9911866393271483,
    0.991514836171366,
    0.9944972223875841,
    0.9974718679142033,
    0.9994412678705604,
    1.0003693840363042,
    1,
  ],
}
`;

exports[`generates spring keyframes without initialVelocity 1`] = `
Object {
  "duration": 900.018,
  "keyframes": Array [
    0.00011433529558412126,
    0.2025354304155784,
    0.5472093195857382,
    0.8292446266102279,
    0.9927415140305794,
    1.0566212808728295,
    1.0615499324064186,
    1.042666904470378,
    1.0211979013514676,
    1.0059898978214679,
    0.9982579351447062,
    0.9959399014239971,
    0.996436984017475,
    0.9978242615328702,
    0.9990785614417785,
    0.9998602654531212,
    1.0002010162949286,
    1,
  ],
}
`;

exports[`generates tranditional easing function keyframes 1`] = `
Object {
  "duration": 1000,
  "keyframes": Array [
    0,
    0.050001000000000004,
    0.10000200000000001,
    0.150003,
    0.20000400000000002,
    0.25000500000000003,
    0.30000600000000005,
    0.35000700000000007,
    0.4000080000000001,
    0.4500090000000001,
    0.5000100000000001,
    0.550011,
    0.600012,
    0.650013,
    0.7000139999999999,
    0.7500149999999999,
    0.8000159999999998,
    0.8500169999999998,
    0.9000179999999998,
    0.9500189999999997,
    1,
  ],
}
`;

exports[`generates tranditional easing function keyframes 2`] = `
Object {
  "duration": 1000,
  "keyframes": Array [
    0,
    0.004474789630919504,
    0.017027258023296743,
    0.03657882867388339,
    0.062284283710252124,
    0.09346802373240502,
    0.1295813712134578,
    0.17017307024576814,
    0.2148684006694749,
    0.2633541272614507,
    0.3153675524264263,
    0.37068858425352863,
    0.42913415819571493,
    0.4905546738922614,
    0.55483242109741,
    0.6218823936317568,
    0.6916566948489992,
    0.7641557151275693,
    0.8394554772891436,
    0.9177881995407919,
    1,
  ],
}
`;

exports[`generates tranditional easing function keyframes 3`] = `
Object {
  "duration": 1000,
  "keyframes": Array [
    0,
    0.08224380421602893,
    0.160575224383152,
    0.23587383526519232,
    0.30837175701960884,
    0.37814497225632515,
    0.44519384822005603,
    0.5094704718159525,
    0.5708898232081705,
    0.6293341794167854,
    0.6846539271491697,
    0.7366659878889747,
    0.7851502539402452,
    0.8298440092530233,
    0.8704339964297981,
    0.9065454680266275,
    0.9377271338074125,
    0.9634302720711304,
    0.9829792251914896,
    0.9955286964578001,
    1,
  ],
}
`;

exports[`generates tranditional easing function keyframes 4`] = `
Object {
  "duration": 1000,
  "keyframes": Array [
    0,
    0.00482994493454788,
    0.01972325804523573,
    0.04521216290200402,
    0.08166321551015418,
    0.12916722741041806,
    0.18740351008369732,
    0.25549577221658837,
    0.3318966475140521,
    0.4143549322645968,
    0.500017241379306,
    0.5856788971060365,
    0.6681352957337012,
    0.7445332521198168,
    0.8126218339558112,
    0.8708539573952637,
    0.9183535800015811,
    0.9548002070538152,
    0.9802847861601927,
    0.9951739596339272,
    1,
  ],
}
`;
